// Jest Snapshot v1, https://goo.gl/fbAQLP

exports[`should render route 1`] = `<Route />`;
